
> ytgenius@1.0.0 build
> next build

   Γû▓ Next.js 15.3.3
   - Environments: .env

   Creating an optimized production build ...
 Γ£ô (pwa) Compiling for server...
 Γ£ô (pwa) Compiling for server...
 Γ£ô (pwa) Compiling for client (static)...
 Γùï (pwa) Service worker: C:\Users\Asus\OneDrive\Desktop\ytgenius\public\sw.js
 Γùï (pwa)   URL: /sw.js
 Γùï (pwa)   Scope: /
 Γùï (pwa) Custom runtimeCaching array found, using it instead of the default one.
 Γ£ô Compiled successfully in 14.0s
   Skipping validation of types
   Skipping linting
   Collecting page data ...
   Generating static pages (0/5) ...
   Generating static pages (1/5) 
   Generating static pages (2/5) 
   Generating static pages (3/5) 
 Γ£ô Generating static pages (5/5)
   Finalizing page optimization ...
   Collecting build traces ...

Route (app)                                 Size  First Load JS
Γöî Γùï /                                    30.3 kB         145 kB
Γöö Γùï /_not-found                            140 B         103 kB
+ First Load JS shared by all             103 kB
  Γö£ chunks/4bd1b696-a25418325034b528.js  53.2 kB
  Γö£ chunks/721-7a8edfd29f61f696.js       47.8 kB
  Γöö other shared chunks (total)          1.94 kB


Γùï  (Static)  prerendered as static content

